done /docs DESKTOP (1 defects)
done /docs MOBILE (1 defects)
done /docs/ai DESKTOP (1 defects)
done /docs/ai MOBILE (1 defects)
done /docs/api DESKTOP (2 defects)
done /docs/api MOBILE (3 defects)
done /docs/booking DESKTOP (1 defects)
done /docs/booking MOBILE (1 defects)
done /docs/domain DESKTOP (1 defects)
done /docs/domain MOBILE (10 defects)
done /docs/embed DESKTOP (1 defects)
done /docs/embed MOBILE (11 defects)
done /docs/mapguard DESKTOP (1 defects)
done /docs/mapguard MOBILE (1 defects)
done /docs/reputationshield DESKTOP (1 defects)
done /docs/reputationshield MOBILE (1 defects)
done /docs/troubleshooting DESKTOP (1 defects)
done /docs/troubleshooting MOBILE (1 defects)
done /docs/webhooks DESKTOP (1 defects)
done /docs/webhooks MOBILE (11 defects)
done /features/ai-employee DESKTOP (2 defects)
done /features/ai-employee MOBILE (10 defects)
done /features/booking DESKTOP (2 defects)
done /features/booking MOBILE (10 defects)
done /features/calculator-engine DESKTOP (2 defects)
done /features/calculator-engine MOBILE (10 defects)
done /features/instant-quotes DESKTOP (2 defects)
done /features/instant-quotes MOBILE (10 defects)
done /features/sms DESKTOP (2 defects)
done /features/sms MOBILE (10 defects)
done /for-agencies DESKTOP (1 defects)
done /for-agencies MOBILE (1 defects)
done /for-franchises DESKTOP (1 defects)
done /for-franchises MOBILE (1 defects)
done /for-solo-traders DESKTOP (1 defects)
done /for-solo-traders MOBILE (1 defects)
done /free-audit DESKTOP (1 defects)
done /free-audit MOBILE (1 defects)
done /free-tools DESKTOP (1 defects)
done /free-tools MOBILE (1 defects)
done /mapguard-suite DESKTOP (1 defects)
done /mapguard-suite MOBILE (1 defects)
