done /tools/local-serp-checker__DESKTOP (2 defects)
done /tools/map-snapshot__DESKTOP (1 defects)
done /tools/missed-call-calculator__DESKTOP (1 defects)
done /tools/plumbing-ai-content-prompts__DESKTOP (1 defects)
done /tools/quote-demo__DESKTOP (1 defects)
done /tools/roofing-ai-content-prompts__DESKTOP (1 defects)
done /wefixtrades-vs-housecall-pro__DESKTOP (2 defects)
done /wefixtrades-vs-jobber__DESKTOP (2 defects)
done /wefixtrades-vs-servicetitan__DESKTOP (2 defects)
done /wizard__DESKTOP (7 defects)
done /contact__DESKTOP (1 defects)
done /login__DESKTOP (2 defects)
done /signup__DESKTOP (1 defects)
done /demos/rankflow__DESKTOP (1 defects)
done /design-showcase__DESKTOP (6 defects)
done /free-tools__DESKTOP (1 defects)
done /citation-tracker__DESKTOP (1 defects)
done /docs/api__DESKTOP (2 defects)
done /products/quotequick__DESKTOP (7 defects)
done /pricing__DESKTOP (1 defects)
done /templates__DESKTOP (1 defects)
done /tools/local-serp-checker__MOBILE (2 defects)
done /tools/map-snapshot__MOBILE (1 defects)
done /tools/missed-call-calculator__MOBILE (1 defects)
done /tools/plumbing-ai-content-prompts__MOBILE (1 defects)
done /tools/quote-demo__MOBILE (1 defects)
done /tools/roofing-ai-content-prompts__MOBILE (1 defects)
done /wefixtrades-vs-housecall-pro__MOBILE (2 defects)
done /wefixtrades-vs-jobber__MOBILE (2 defects)
done /wefixtrades-vs-servicetitan__MOBILE (4 defects)
done /wizard__MOBILE (9 defects)
done /contact__MOBILE (1 defects)
done /login__MOBILE (2 defects)
done /signup__MOBILE (1 defects)
done /demos/rankflow__MOBILE (2 defects)
done /design-showcase__MOBILE (12 defects)
done /free-tools__MOBILE (1 defects)
done /citation-tracker__MOBILE (1 defects)
done /docs/api__MOBILE (9 defects)
done /products/quotequick__MOBILE (7 defects)
done /pricing__MOBILE (2 defects)
done /templates__MOBILE (7 defects)
